// Jest Snapshot v1, https://goo.gl/fbAQLP

exports[`matches snapshot 1`] = `
<DocumentFragment>
  <footer
    class="makeStyles-footer-2"
  >
    <p
      class="MuiTypography-root MuiTypography-subtitle1 MuiTypography-colorTextSecondary MuiTypography-alignCenter"
    >
      Etienne Deneault 2021
    </p>
  </footer>
</DocumentFragment>
`;
